{
    "versions": {
        "content": [
            [
                "versions.yml:md5,2f999116aae09fd6904cbc934ddaa4b4"
            ]
        ],
        "timestamp": "2026-09-13T02:21:25.101956319",
        "meta": {
            "nf-test": "0.9.4",
            "nextflow": "24.10.5"
        }
    }
}