{
    "versions": {
        "content": [
            [
                "versions.yml:md5,58f23ed7d55e3a27c04c65a65ca990fb"
            ]
        ],
        "timestamp": "2026-09-26T13:55:06.546412641",
        "meta": {
            "nf-test": "0.9.4",
            "nextflow": "26.04.0"
        }
    }
}